  traj 0: n_jumps=4046, elapsed=6s
  traj 4: n_jumps=3943, elapsed=27s
  traj 8: n_jumps=3960, elapsed=47s
  traj 12: n_jumps=4067, elapsed=68s
  traj 16: n_jumps=4083, elapsed=89s
  traj 20: n_jumps=4008, elapsed=110s
{
 "L": 64,
 "lam": 0.4743416490252569,
 "zeta": 0.9,
 "T": 160.0,
 "delta": 1.0,
 "ntraj": 24,
 "wall_s": 126.06268191337585,
 "n_jumps_mean": 3964.75,
 "Var_Lambda_vs_window": {
  "4": {
   "var": 82.8109907633308,
   "mean": 109.28038913370744,
   "n": 768
  },
  "8": {
   "var": 233.1031220645304,
   "mean": 218.5607782674149,
   "n": 384
  },
  "16": {
   "var": 604.6011481535555,
   "mean": 437.1215565348298,
   "n": 192
  },
  "32": {
   "var": 1470.798851871507,
   "mean": 874.2431130696599,
   "n": 96
  },
  "64": {
   "var": 2759.143860430744,
   "mean": 1748.4862261393191,
   "n": 48
  },
  "96": {
   "var": 6368.76000461534,
   "mean": 2621.3916093797475,
   "n": 24
  }
 },
 "Var_logW_perL": {
  "4": 0.8281099076333076,
  "8": 2.3310312206453028,
  "16": 6.046011481535552,
  "32": 14.707988518715062,
  "64": 27.591438604307427,
  "96": 63.68760004615337
 },
 "tau_r_geyer": 2.9633423099554776,
 "var_r_within": 7.241489705047836,
 "var_r_between_traj": 0.3020853745693614,
 "future_activity_R2": {
  "tau=2.0": {
   "R2_all": 0.8596031029451997,
   "R2_quad": 0.8595405017161981,
   "R2_K_only": 0.8596214078782078,
   "sd_Y": 5.073794435549686,
   "n": 3024
  },
  "tau=4.0": {
   "R2_all": 0.6189892157317574,
   "R2_quad": 0.6191775482634833,
   "R2_K_only": 0.619782689824569,
   "sd_Y": 9.13938932755127,
   "n": 2976
  },
  "tau=8.0": {
   "R2_all": 0.3511483613068467,
   "R2_quad": 0.3502819234773711,
   "R2_K_only": 0.35369172446219166,
   "sd_Y": 15.621757946740118,
   "n": 2880
  },
  "tau=16.0": {
   "R2_all": 0.1855462329329296,
   "R2_quad": 0.1822386508134568,
   "R2_K_only": 0.19003809304330266,
   "sd_Y": 25.252464332647083,
   "n": 2688
  },
  "tau=32.0": {
   "R2_all": 0.0480464486133374,
   "R2_quad": 0.04271804673294155,
   "R2_K_only": 0.057010285510489256,
   "sd_Y": 39.22345594011252,
   "n": 2304
  },
  "tau=64.0": {
   "R2_all": -0.03826043046037775,
   "R2_quad": -0.039165502727839696,
   "R2_K_only": -0.029278727335469767,
   "sd_Y": 57.13212582813482,
   "n": 1536
  }
 }
}
C_r: [1.0, 0.698, 0.489, 0.254, 0.062, 0.007, -0.128]
