  f=1.000  acc=0.150  sd(logR)=10.50  17.40s/move
  f=0.938  acc=0.050  sd(logR)=7.48  12.73s/move
  f=0.875  acc=0.050  sd(logR)=5.49  8.01s/move
  f=0.812  acc=0.050  sd(logR)=7.81  7.52s/move
  f=0.750  acc=0.050  sd(logR)=7.48  6.75s/move
  f=0.688  acc=0.150  sd(logR)=5.91  6.98s/move
  f=0.625  acc=0.050  sd(logR)=10.16  6.41s/move
  f=0.562  acc=0.000  sd(logR)=7.06  5.75s/move
  f=0.500  acc=0.000  sd(logR)=6.88  6.38s/move
  f=0.438  acc=0.050  sd(logR)=4.99  5.64s/move
  f=0.375  acc=0.050  sd(logR)=4.81  3.79s/move
  f=0.312  acc=0.050  sd(logR)=4.31  6.00s/move
  f=0.250  acc=0.200  sd(logR)=4.41  4.71s/move
  f=0.188  acc=0.100  sd(logR)=3.45  4.32s/move
  f=0.125  acc=0.200  sd(logR)=2.38  3.66s/move
  f=0.062  acc=0.800  sd(logR)=1.36  1.41s/move
{
 "L": 96,
 "lam": 0.4743416490252569,
 "zeta": 0.9,
 "T": 96.0,
 "n_cp": 16,
 "n_moves": 20,
 "build_wall_s": 14.679239988327026,
 "rows": [
  {
   "s": 0,
   "f": 1.0,
   "acc": 0.15,
   "sd_dLambda": 105.01861113486754,
   "sd_logR": 10.501861113486752,
   "wall_per_move": 17.402774393558502
  },
  {
   "s": 1,
   "f": 0.9375,
   "acc": 0.05,
   "sd_dLambda": 74.81886763985054,
   "sd_logR": 7.481886763985052,
   "wall_per_move": 12.733611285686493
  },
  {
   "s": 2,
   "f": 0.875,
   "acc": 0.05,
   "sd_dLambda": 54.865774969896165,
   "sd_logR": 5.486577496989615,
   "wall_per_move": 8.011430299282074
  },
  {
   "s": 3,
   "f": 0.8125,
   "acc": 0.05,
   "sd_dLambda": 78.12087976430321,
   "sd_logR": 7.81208797643032,
   "wall_per_move": 7.520499610900879
  },
  {
   "s": 4,
   "f": 0.75,
   "acc": 0.05,
   "sd_dLambda": 74.75951495258744,
   "sd_logR": 7.475951495258742,
   "wall_per_move": 6.750485908985138
  },
  {
   "s": 5,
   "f": 0.6875,
   "acc": 0.15,
   "sd_dLambda": 59.0618952958644,
   "sd_logR": 5.906189529586439,
   "wall_per_move": 6.980736756324768
  },
  {
   "s": 6,
   "f": 0.625,
   "acc": 0.05,
   "sd_dLambda": 101.58549615591399,
   "sd_logR": 10.158549615591397,
   "wall_per_move": 6.412129461765289
  },
  {
   "s": 7,
   "f": 0.5625,
   "acc": 0.0,
   "sd_dLambda": 70.59548559357482,
   "sd_logR": 7.059548559357481,
   "wall_per_move": 5.752971506118774
  },
  {
   "s": 8,
   "f": 0.5,
   "acc": 0.0,
   "sd_dLambda": 68.75555929204752,
   "sd_logR": 6.875555929204751,
   "wall_per_move": 6.377185344696045
  },
  {
   "s": 9,
   "f": 0.4375,
   "acc": 0.05,
   "sd_dLambda": 49.92259360421921,
   "sd_logR": 4.99225936042192,
   "wall_per_move": 5.641552090644836
  },
  {
   "s": 10,
   "f": 0.375,
   "acc": 0.05,
   "sd_dLambda": 48.07458562924461,
   "sd_logR": 4.8074585629244595,
   "wall_per_move": 3.786399257183075
  },
  {
   "s": 11,
   "f": 0.3125,
   "acc": 0.05,
   "sd_dLambda": 43.118341555362214,
   "sd_logR": 4.3118341555362205,
   "wall_per_move": 6.000037908554077
  },
  {
   "s": 12,
   "f": 0.25,
   "acc": 0.2,
   "sd_dLambda": 44.1275454244269,
   "sd_logR": 4.412754542442689,
   "wall_per_move": 4.711163711547852
  },
  {
   "s": 13,
   "f": 0.1875,
   "acc": 0.1,
   "sd_dLambda": 34.54330103066477,
   "sd_logR": 3.4543301030664764,
   "wall_per_move": 4.323762154579162
  },
  {
   "s": 14,
   "f": 0.125,
   "acc": 0.2,
   "sd_dLambda": 23.80288319123259,
   "sd_logR": 2.3802883191232582,
   "wall_per_move": 3.661090362071991
  },
  {
   "s": 15,
   "f": 0.0625,
   "acc": 0.8,
   "sd_dLambda": 13.642608367820047,
   "sd_logR": 1.3642608367820044,
   "wall_per_move": 1.4140987038612365
  }
 ]
}
