  f=1.000  acc=0.080  sd(logR)=19.14  1.33s/move
  f=0.938  acc=0.000  sd(logR)=16.75  1.42s/move
  f=0.875  acc=0.000  sd(logR)=12.80  1.33s/move
  f=0.812  acc=0.000  sd(logR)=16.70  1.25s/move
  f=0.750  acc=0.000  sd(logR)=12.97  1.04s/move
  f=0.688  acc=0.000  sd(logR)=12.43  0.98s/move
  f=0.625  acc=0.000  sd(logR)=8.15  0.92s/move
  f=0.562  acc=0.000  sd(logR)=13.23  0.84s/move
  f=0.500  acc=0.000  sd(logR)=10.96  0.75s/move
  f=0.438  acc=0.000  sd(logR)=8.48  0.63s/move
  f=0.375  acc=0.120  sd(logR)=11.54  0.57s/move
  f=0.312  acc=0.000  sd(logR)=6.26  0.44s/move
  f=0.250  acc=0.080  sd(logR)=7.80  0.32s/move
  f=0.188  acc=0.040  sd(logR)=5.69  0.24s/move
  f=0.125  acc=0.040  sd(logR)=4.64  0.15s/move
  f=0.062  acc=0.440  sd(logR)=1.90  0.07s/move
{
 "L": 64,
 "lam": 0.3535533905932738,
 "zeta": 0.5,
 "T": 64.0,
 "n_cp": 16,
 "n_moves": 25,
 "build_wall_s": 1.2131290435791016,
 "rows": [
  {
   "s": 0,
   "f": 1.0,
   "acc": 0.08,
   "sd_dLambda": 38.28204809446803,
   "sd_logR": 19.141024047234016,
   "wall_per_move": 1.3331179237365722
  },
  {
   "s": 1,
   "f": 0.9375,
   "acc": 0.0,
   "sd_dLambda": 33.50126934190665,
   "sd_logR": 16.750634670953325,
   "wall_per_move": 1.423839750289917
  },
  {
   "s": 2,
   "f": 0.875,
   "acc": 0.0,
   "sd_dLambda": 25.601029726213778,
   "sd_logR": 12.800514863106889,
   "wall_per_move": 1.3328464794158936
  },
  {
   "s": 3,
   "f": 0.8125,
   "acc": 0.0,
   "sd_dLambda": 33.39150040800582,
   "sd_logR": 16.69575020400291,
   "wall_per_move": 1.2470134353637696
  },
  {
   "s": 4,
   "f": 0.75,
   "acc": 0.0,
   "sd_dLambda": 25.94009090873848,
   "sd_logR": 12.97004545436924,
   "wall_per_move": 1.0394912338256836
  },
  {
   "s": 5,
   "f": 0.6875,
   "acc": 0.0,
   "sd_dLambda": 24.863279695795963,
   "sd_logR": 12.431639847897982,
   "wall_per_move": 0.9809988117218018
  },
  {
   "s": 6,
   "f": 0.625,
   "acc": 0.0,
   "sd_dLambda": 16.301211384517185,
   "sd_logR": 8.150605692258592,
   "wall_per_move": 0.92494384765625
  },
  {
   "s": 7,
   "f": 0.5625,
   "acc": 0.0,
   "sd_dLambda": 26.45280949080982,
   "sd_logR": 13.22640474540491,
   "wall_per_move": 0.8367661285400391
  },
  {
   "s": 8,
   "f": 0.5,
   "acc": 0.0,
   "sd_dLambda": 21.91139693195052,
   "sd_logR": 10.95569846597526,
   "wall_per_move": 0.7501932907104493
  },
  {
   "s": 9,
   "f": 0.4375,
   "acc": 0.0,
   "sd_dLambda": 16.952083668832888,
   "sd_logR": 8.476041834416444,
   "wall_per_move": 0.6295524120330811
  },
  {
   "s": 10,
   "f": 0.375,
   "acc": 0.12,
   "sd_dLambda": 23.087063058599973,
   "sd_logR": 11.543531529299987,
   "wall_per_move": 0.5718072414398193
  },
  {
   "s": 11,
   "f": 0.3125,
   "acc": 0.0,
   "sd_dLambda": 12.520696444332279,
   "sd_logR": 6.260348222166139,
   "wall_per_move": 0.43672648429870603
  },
  {
   "s": 12,
   "f": 0.25,
   "acc": 0.08,
   "sd_dLambda": 15.600325040975127,
   "sd_logR": 7.8001625204875635,
   "wall_per_move": 0.319071044921875
  },
  {
   "s": 13,
   "f": 0.1875,
   "acc": 0.04,
   "sd_dLambda": 11.378362095602839,
   "sd_logR": 5.689181047801419,
   "wall_per_move": 0.24044763565063476
  },
  {
   "s": 14,
   "f": 0.125,
   "acc": 0.04,
   "sd_dLambda": 9.288636820784168,
   "sd_logR": 4.644318410392084,
   "wall_per_move": 0.15467421531677247
  },
  {
   "s": 15,
   "f": 0.0625,
   "acc": 0.44,
   "sd_dLambda": 3.801052906791984,
   "sd_logR": 1.900526453395992,
   "wall_per_move": 0.06818475723266601
  }
 ]
}
