SNAPSHOT GAIN  L=40 zeta=0.9 T=40.0 N_c=32 DT=2.0 grid=20 NREP=16
  rep 0  19s
  rep 5  113s
  rep 10  207s
  rep 15  301s

S: rho_l (lag in units of 2.0) = [1.0, 0.393, 0.153, 0.047, -0.078, -0.113, 0.04, 0.073, 0.188]
   g_snap: K=2: 1.44x  K=4: 2.26x  K=8: 4.32x

CMI: rho_l (lag in units of 2.0) = [1.0, 0.468, 0.187, 0.106, 0.119, 0.067, 0.076, 0.222, 0.161]
   g_snap: K=2: 1.36x  K=4: 2.06x  K=8: 3.21x

B_L: rho_l (lag in units of 2.0) = [1.0, 0.495, 0.233, 0.148, 0.123, 0.05, 0.084, 0.211, 0.239]
   g_snap: K=2: 1.34x  K=4: 1.95x  K=8: 3.01x

wall total 301s
DONE
SNAPSHOT GAIN  L=48 zeta=0.9 T=48.0 N_c=32 DT=2.0 grid=24 NREP=14
  rep 0  35s
  rep 5  210s
  rep 10  481s

S: rho_l (lag in units of 2.0) = [1.0, 0.462, 0.198, 0.092, 0.057, 0.083, 0.013, -0.12, -0.109]
   g_snap: K=2: 1.37x  K=4: 2.07x  K=8: 3.46x

CMI: rho_l (lag in units of 2.0) = [1.0, 0.539, 0.261, 0.185, 0.162, 0.035, -0.129, -0.134, -0.244]
   g_snap: K=2: 1.30x  K=4: 1.85x  K=8: 3.01x

B_L: rho_l (lag in units of 2.0) = [1.0, 0.556, 0.291, 0.203, 0.166, 0.07, -0.066, -0.139, -0.223]
   g_snap: K=2: 1.29x  K=4: 1.80x  K=8: 2.84x

wall total 761s
DONE
SNAPSHOT GAIN  L=64 zeta=0.9 T=64.0 N_c=32 DT=2.0 grid=32 NREP=10
  rep 0  108s
  rep 5  734s

S: rho_l (lag in units of 2.0) = [1.0, 0.608, 0.364, 0.174, 0.016, 0.051, 0.024, -0.04, -0.006]
   g_snap: K=2: 1.24x  K=4: 1.69x  K=8: 2.77x

CMI: rho_l (lag in units of 2.0) = [1.0, 0.711, 0.482, 0.305, 0.253, 0.27, 0.232, 0.219, 0.168]
   g_snap: K=2: 1.17x  K=4: 1.48x  K=8: 2.01x

B_L: rho_l (lag in units of 2.0) = [1.0, 0.717, 0.494, 0.313, 0.238, 0.236, 0.179, 0.141, 0.121]
   g_snap: K=2: 1.16x  K=4: 1.47x  K=8: 2.04x

wall total 1297s
DONE
