X-vs-future-O  zeta=0.9 a*=-0.3761 tau_K=3.76 M=60 dt=1.0

L=32 guided  (wall 18s)
  lag   C[X,BL]        C[X,CMI]       C[K,BL]
     0  -0.041+-0.054  -0.044+-0.052  +0.014+-0.051
     1  -0.026+-0.053  -0.004+-0.052  +0.030+-0.050
     2  -0.033+-0.054  -0.005+-0.052  +0.056+-0.052
     4  -0.036+-0.056  -0.018+-0.056  +0.038+-0.053
     8  -0.092+-0.064  -0.063+-0.060  +0.082+-0.057
    16     n/a           n/a           n/a      
    32     n/a           n/a           n/a      

L=32 ctrl  (wall 20s)
  lag   C[X,BL]        C[X,CMI]       C[K,BL]
     0  +0.049+-0.057  +0.056+-0.054  +0.071+-0.047
     1  +0.064+-0.058  +0.071+-0.056  +0.101+-0.048
     2  +0.088+-0.055  +0.094+-0.051  +0.111+-0.048
     4  +0.046+-0.052  +0.062+-0.050  +0.042+-0.049
     8  -0.021+-0.058  -0.017+-0.059  +0.065+-0.062
    16     n/a           n/a           n/a      
    32     n/a           n/a           n/a      

L=64 guided  (wall 192s)
  lag   C[X,BL]        C[X,CMI]       C[K,BL]
     0  -0.087+-0.034  -0.083+-0.036  +0.087+-0.033
     1  -0.088+-0.039  -0.093+-0.039  +0.093+-0.039
     2  -0.119+-0.043  -0.120+-0.043  +0.116+-0.042
     4  -0.095+-0.043  -0.087+-0.042  +0.063+-0.041
     8  +0.023+-0.044  +0.029+-0.046  -0.031+-0.043
    16  +0.011+-0.049  +0.016+-0.047  +0.011+-0.047
    32     n/a           n/a           n/a      

L=64 ctrl  (wall 206s)
  lag   C[X,BL]        C[X,CMI]       C[K,BL]
     0  +0.048+-0.043  +0.026+-0.043  +0.117+-0.040
     1  +0.050+-0.044  +0.030+-0.043  +0.143+-0.038
     2  +0.049+-0.044  +0.034+-0.044  +0.138+-0.037
     4  +0.053+-0.044  +0.041+-0.044  +0.071+-0.042
     8  +0.031+-0.035  +0.037+-0.035  +0.057+-0.050
    16  +0.020+-0.040  +0.008+-0.041  +0.027+-0.048
    32     n/a           n/a           n/a      

DONE
